2026-05-16 11:30:54 - Attempting login for user: test
2026-05-16 11:30:54 - User found. ID: 112
2026-05-16 11:30:54 - Password valid (md5)
2026-05-16 11:30:54 - Login success for: test
2026-05-16 11:37:23 - Attempting login for user: test
2026-05-16 11:37:23 - User found. ID: 112
2026-05-16 11:37:23 - Password valid (md5)
2026-05-16 11:37:23 - Login success for: test
2026-05-16 11:45:13 - Attempting login for user: test
2026-05-16 11:45:13 - User found. ID: 112
2026-05-16 11:45:13 - Password valid (md5)
2026-05-16 11:45:13 - Login success for: test
2026-05-16 12:05:39 - Attempting login for user: test
2026-05-16 12:05:39 - User found. ID: 112
2026-05-16 12:05:39 - Password valid (md5)
2026-05-16 12:05:39 - Login success for: test
2026-05-16 12:09:15 - Attempting login for user: test
2026-05-16 12:09:15 - User found. ID: 112
2026-05-16 12:09:15 - Password valid (md5)
2026-05-16 12:09:15 - Login success for: test
2026-05-16 12:17:22 - Attempting login for user: test
2026-05-16 12:17:22 - User found. ID: 112
2026-05-16 12:17:22 - Password valid (md5)
2026-05-16 12:17:22 - Login success for: test
2026-05-16 12:18:45 - Attempting login for user: test
2026-05-16 12:18:45 - User found. ID: 112
2026-05-16 12:18:45 - Password valid (md5)
2026-05-16 12:18:45 - Login success for: test
2026-05-16 12:19:51 - Attempting login for user: test
2026-05-16 12:19:51 - User found. ID: 112
2026-05-16 12:19:51 - Password valid (md5)
2026-05-16 12:19:51 - Login success for: test
2026-05-21 20:06:57 - Attempting login for user: test
2026-05-21 20:06:57 - User found. ID: 112
2026-05-21 20:06:57 - Password valid (md5)
2026-05-21 20:06:57 - Login success for: test
2026-05-21 20:46:25 - Attempting login for user: test
2026-05-21 20:46:25 - User found. ID: 112
2026-05-21 20:46:25 - Password valid (md5)
2026-05-21 20:46:25 - Login success for: test
2026-05-21 20:47:07 - Attempting login for user: test
2026-05-21 20:47:07 - User found. ID: 112
2026-05-21 20:47:07 - Password valid (md5)
2026-05-21 20:47:07 - Login success for: test
2026-05-21 20:53:25 - Attempting login for user: test
2026-05-21 20:53:25 - User found. ID: 112
2026-05-21 20:53:25 - Password valid (md5)
2026-05-21 20:53:25 - Login success for: test
2026-05-21 21:03:01 - Attempting login for user: test
2026-05-21 21:03:01 - User found. ID: 112
2026-05-21 21:03:01 - Password valid (md5)
2026-05-21 21:03:01 - Login success for: test
2026-05-21 21:05:02 - Attempting login for user: test
2026-05-21 21:05:02 - User found. ID: 112
2026-05-21 21:05:02 - Password valid (md5)
2026-05-21 21:05:02 - Login success for: test
2026-05-21 21:07:55 - Attempting login for user: test
2026-05-21 21:07:55 - User found. ID: 112
2026-05-21 21:07:55 - Password valid (md5)
2026-05-21 21:07:55 - Login success for: test
2026-05-21 21:10:26 - Attempting login for user: test
2026-05-21 21:10:26 - User found. ID: 112
2026-05-21 21:10:26 - Password valid (md5)
2026-05-21 21:10:26 - Login success for: test
2026-05-21 21:18:00 - Attempting login for user: test
2026-05-21 21:18:00 - User found. ID: 112
2026-05-21 21:18:00 - Password valid (md5)
2026-05-21 21:18:00 - Login success for: test
2026-05-21 21:26:57 - Attempting login for user: test
2026-05-21 21:26:57 - User found. ID: 112
2026-05-21 21:26:57 - Password valid (md5)
2026-05-21 21:26:57 - Login success for: test
2026-05-21 21:32:59 - Attempting login for user: test
2026-05-21 21:32:59 - User found. ID: 112
2026-05-21 21:32:59 - Password valid (md5)
2026-05-21 21:32:59 - Login success for: test
2026-05-21 21:38:39 - Attempting login for user: test
2026-05-21 21:38:39 - User found. ID: 112
2026-05-21 21:38:39 - Password valid (md5)
2026-05-21 21:38:39 - Login success for: test
2026-05-21 21:44:13 - Attempting login for user: test
2026-05-21 21:44:13 - User found. ID: 112
2026-05-21 21:44:13 - Password valid (md5)
2026-05-21 21:44:13 - Login success for: test
2026-05-21 21:51:08 - Attempting login for user: test
2026-05-21 21:51:08 - User found. ID: 112
2026-05-21 21:51:08 - Password valid (md5)
2026-05-21 21:51:08 - Login success for: test
2026-05-21 21:56:55 - Attempting login for user: test
2026-05-21 21:56:55 - User found. ID: 112
2026-05-21 21:56:55 - Password valid (md5)
2026-05-21 21:56:55 - Login success for: test
2026-05-21 21:57:02 - Attempting login for user: test
2026-05-21 21:57:02 - User found. ID: 112
2026-05-21 21:57:02 - Password valid (md5)
2026-05-21 21:57:02 - Login success for: test
2026-05-21 22:02:35 - Attempting login for user: test
2026-05-21 22:02:35 - User found. ID: 112
2026-05-21 22:02:35 - Invalid password for: test
2026-05-21 22:02:43 - Attempting login for user: test
2026-05-21 22:02:43 - User found. ID: 112
2026-05-21 22:02:43 - Password valid (md5)
2026-05-21 22:02:43 - Login success for: test
2026-05-22 23:13:12 - Attempting login for user: test
2026-05-22 23:13:12 - User found. ID: 112
2026-05-22 23:13:12 - Password valid (md5)
2026-05-22 23:13:12 - Login success for: test
2026-05-22 23:21:34 - Attempting login for user: test
2026-05-22 23:21:34 - User found. ID: 112
2026-05-22 23:21:34 - Password valid (md5)
2026-05-22 23:21:34 - Login success for: test
2026-05-22 23:55:02 - Attempting login for user: test
2026-05-22 23:55:02 - User found. ID: 112
2026-05-22 23:55:02 - Password valid (md5)
2026-05-22 23:55:02 - Login success for: test
2026-05-23 00:08:36 - Attempting login for user: test
2026-05-23 00:08:36 - User found. ID: 112
2026-05-23 00:08:36 - Password valid (md5)
2026-05-23 00:08:36 - Login success for: test
2026-05-23 00:36:12 - Attempting login for user: test
2026-05-23 00:36:12 - User found. ID: 112
2026-05-23 00:36:12 - Password valid (md5)
2026-05-23 00:36:12 - Login success for: test
2026-05-23 00:56:02 - Attempting login for user: test
2026-05-23 00:56:02 - User found. ID: 112
2026-05-23 00:56:02 - Password valid (md5)
2026-05-23 00:56:02 - Login success for: test
2026-05-23 01:02:36 - Attempting login for user: test
2026-05-23 01:02:36 - User found. ID: 112
2026-05-23 01:02:36 - Password valid (md5)
2026-05-23 01:02:36 - Login success for: test
2026-05-23 01:09:58 - Attempting login for user: test
2026-05-23 01:09:58 - User found. ID: 112
2026-05-23 01:09:58 - Password valid (md5)
2026-05-23 01:09:58 - Login success for: test
2026-05-23 01:57:40 - Attempting login for user: test
2026-05-23 01:57:40 - User found. ID: 112
2026-05-23 01:57:40 - Password valid (md5)
2026-05-23 01:57:40 - Login success for: test
2026-05-23 02:07:43 - Attempting login for user: test
2026-05-23 02:07:43 - User found. ID: 112
2026-05-23 02:07:43 - Password valid (md5)
2026-05-23 02:07:43 - Login success for: test
2026-05-23 09:38:50 - Attempting login for user: test
2026-05-23 09:38:50 - User found. ID: 112
2026-05-23 09:38:50 - Password valid (md5)
2026-05-23 09:38:50 - Login success for: test
2026-05-23 10:01:23 - Attempting login for user: test
2026-05-23 10:01:23 - User found. ID: 112
2026-05-23 10:01:23 - Password valid (md5)
2026-05-23 10:01:23 - Login success for: test
2026-05-23 11:34:58 - Attempting login for user: test
2026-05-23 11:34:58 - User found. ID: 112
2026-05-23 11:34:58 - Password valid (md5)
2026-05-23 11:34:58 - Login success for: test
2026-05-23 11:36:00 - Attempting login for user: test
2026-05-23 11:36:00 - User found. ID: 112
2026-05-23 11:36:00 - Password valid (md5)
2026-05-23 11:36:01 - Login success for: test
2026-05-23 12:30:42 - Attempting login for user: test
2026-05-23 12:30:42 - User found. ID: 112
2026-05-23 12:30:42 - Password valid (md5)
2026-05-23 12:30:42 - Login success for: test
2026-05-23 12:56:11 - Attempting login for user: test
2026-05-23 12:56:11 - User found. ID: 112
2026-05-23 12:56:11 - Password valid (md5)
2026-05-23 12:56:11 - Login success for: test
2026-05-23 13:10:34 - Attempting login for user: test
2026-05-23 13:10:34 - User found. ID: 112
2026-05-23 13:10:34 - Password valid (md5)
2026-05-23 13:10:34 - Login success for: test
2026-05-23 13:21:42 - Attempting login for user: test
2026-05-23 13:21:42 - User found. ID: 112
2026-05-23 13:21:42 - Password valid (md5)
2026-05-23 13:21:42 - Login success for: test
2026-05-23 13:26:13 - Attempting login for user: test
2026-05-23 13:26:13 - User found. ID: 112
2026-05-23 13:26:13 - Password valid (md5)
2026-05-23 13:26:13 - Login success for: test
2026-05-23 15:03:07 - Attempting login for user: test
2026-05-23 15:03:07 - User found. ID: 112
2026-05-23 15:03:07 - Password valid (md5)
2026-05-23 15:03:07 - Login success for: test
2026-05-23 15:15:59 - Attempting login for user: test
2026-05-23 15:15:59 - User found. ID: 112
2026-05-23 15:15:59 - Password valid (md5)
2026-05-23 15:15:59 - Login success for: test
2026-05-23 15:19:08 - Attempting login for user: test
2026-05-23 15:19:08 - User found. ID: 112
2026-05-23 15:19:08 - Password valid (md5)
2026-05-23 15:19:08 - Login success for: test
2026-05-23 16:02:22 - Attempting login for user: test
2026-05-23 16:02:22 - User found. ID: 112
2026-05-23 16:02:22 - Password valid (md5)
2026-05-23 16:02:22 - Login success for: test
2026-05-23 16:49:12 - Attempting login for user: test
2026-05-23 16:49:12 - User found. ID: 112
2026-05-23 16:49:12 - Password valid (md5)
2026-05-23 16:49:12 - Login success for: test
2026-05-23 16:57:21 - Attempting login for user: test
2026-05-23 16:57:21 - User found. ID: 112
2026-05-23 16:57:21 - Password valid (md5)
2026-05-23 16:57:21 - Login success for: test
2026-05-23 17:14:25 - Attempting login for user: test
2026-05-23 17:14:25 - User found. ID: 112
2026-05-23 17:14:25 - Password valid (md5)
2026-05-23 17:14:25 - Login success for: test
2026-05-23 17:44:40 - Attempting login for user: test
2026-05-23 17:44:40 - User found. ID: 112
2026-05-23 17:44:40 - Password valid (md5)
2026-05-23 17:44:40 - Login success for: test
2026-05-23 22:05:00 - Attempting login for user: test
2026-05-23 22:05:00 - User found. ID: 112
2026-05-23 22:05:00 - Password valid (md5)
2026-05-23 22:05:00 - Login success for: test
2026-05-23 22:31:08 - Attempting login for user: test
2026-05-23 22:31:08 - User found. ID: 112
2026-05-23 22:31:08 - Password valid (md5)
2026-05-23 22:31:08 - Login success for: test
2026-05-23 22:52:05 - Attempting login for user: test
2026-05-23 22:52:05 - User found. ID: 112
2026-05-23 22:52:05 - Password valid (md5)
2026-05-23 22:52:05 - Login success for: test
2026-05-23 22:52:31 - Attempting login for user: demo
2026-05-23 22:52:31 - User not found: demo
2026-05-23 22:52:33 - Attempting login for user: demo
2026-05-23 22:52:33 - User not found: demo
2026-05-23 23:11:41 - Attempting login for user: test
2026-05-23 23:11:41 - User found. ID: 112
2026-05-23 23:11:41 - Password valid (md5)
2026-05-23 23:11:41 - Login success for: test
2026-05-23 23:36:48 - Attempting login for user: test
2026-05-23 23:36:48 - User found. ID: 112
2026-05-23 23:36:48 - Password valid (md5)
2026-05-23 23:36:48 - Login success for: test
2026-05-24 02:51:13 - Attempting login for user: test
2026-05-24 02:51:13 - User found. ID: 112
2026-05-24 02:51:13 - Password valid (md5)
2026-05-24 02:51:13 - Login success for: test
2026-05-26 13:14:18 - Attempting login for user: aziz123
2026-05-26 13:14:18 - User found. ID: 265
2026-05-26 13:14:18 - Password valid (md5)
2026-05-26 13:14:18 - Login success for: aziz123
2026-05-26 16:05:42 - Attempting login for user: aziz123
2026-05-26 16:05:42 - User found. ID: 265
2026-05-26 16:05:42 - Password valid (md5)
2026-05-26 16:05:42 - Login success for: aziz123
2026-05-26 23:29:43 - Attempting login for user: aziz123
2026-05-26 23:29:43 - User found. ID: 265
2026-05-26 23:29:43 - Password valid (md5)
2026-05-26 23:29:43 - Login success for: aziz123
